// Jest Snapshot v1, https://goo.gl/fbAQLP

exports[` 1`] = `
<div>
  <h2
    className="login-title"
  >
    Login into your Account
  </h2>
  <form
    onSubmit={[Function]}
  >
    <input
      onChange={[Function]}
      value=""
    />
    <br />
    <input
      onChange={[Function]}
      value=""
    />
    <br />
    <input
      type="submit"
      value="Login"
    />
  </form>
</div>
`;

exports[`Login component snapshot testing initial test 1`] = `
<div>
  <h2
    className="login-title"
  >
    Login into your Account
  </h2>
  <form
    onSubmit={[Function]}
  >
    <input
      onChange={[Function]}
      value=""
    />
    <br />
    <input
      onChange={[Function]}
      value=""
    />
    <br />
    <input
      type="submit"
      value="Login"
    />
  </form>
</div>
`;
